// Jest Snapshot v1, https://goo.gl/fbAQLP

exports[`cattell.state.decode should decode hash to state ok 1`] = `
Object {
  "answers": Array [
    "A",
    "C",
    "A",
    "B",
    "A",
    "C",
    "A",
    "C",
    "A",
    "B",
    "A",
    "C",
    "A",
    "C",
    "A",
    "B",
    "A",
    "C",
    "A",
    "C",
    "A",
    "B",
    "A",
    "C",
    "A",
    "C",
    "A",
    "B",
    "A",
    "C",
    "A",
    "C",
    "A",
    "B",
    "A",
    "C",
    "A",
    "C",
    "A",
    "B",
    "A",
    "C",
    "A",
    "C",
    "A",
    "B",
    "A",
    "C",
    "A",
    "C",
    "A",
    "B",
    "A",
    "C",
    "A",
    "C",
    "A",
    "B",
    "A",
    "C",
    "A",
    "C",
    "A",
    "B",
    "A",
    "C",
    "A",
    "C",
    "A",
    "B",
    "A",
    "C",
    "A",
    "C",
    "A",
    "B",
    "A",
    "C",
    "A",
    "C",
    "A",
    "B",
    "A",
    "C",
    "A",
    "C",
    "A",
    "B",
    "A",
    "C",
    "A",
    "C",
    "A",
    "B",
    "A",
    "C",
    "A",
    "C",
    "A",
    "B",
    "A",
    "C",
    "A",
    "C",
    "A",
    "B",
    "A",
    "C",
    "A",
    "C",
    "A",
    "B",
    "A",
    "C",
    "A",
    "C",
    "A",
    "B",
    "A",
    "C",
    "A",
    "C",
    "A",
    "B",
    "A",
    "C",
    "A",
    "C",
    "A",
    "B",
    "A",
    "C",
    "A",
    "C",
    "A",
    "B",
    "A",
    "C",
    "A",
    "C",
    "A",
    "B",
    "A",
    "C",
    "A",
    "C",
    "A",
    "B",
    "A",
    "C",
    "A",
    "C",
    "A",
    "B",
    "A",
    "C",
    "A",
    "C",
    "A",
    "B",
    "A",
    "C",
    "A",
    "C",
    "A",
    "B",
    "A",
    "C",
    "A",
    "C",
    "A",
    "B",
    "A",
    "C",
    "A",
    "C",
    "A",
    "B",
    "A",
    "C",
    "A",
    "C",
    "A",
    "B",
    "A",
    "C",
    "A",
  ],
  "position": 189,
  "profile": Object {
    "age": 70,
    "gender": "M",
    "name": "Иванов И.И.",
  },
}
`;

exports[`cattell.state.decode should forbid brute hacking into state 1`] = `"Cattell state has been corrupted (actual = 35360, expected = 39266)"`;

exports[`cattell.state.decode should throw error if CRC16 is deleted from base state 1`] = `"The provided Cattell test state is not complete"`;

exports[`cattell.state.decode should throw error if protocol version is not 0 1`] = `"Cannot parse an unsupported Cattell state serialization format (v1)"`;
