// Jest Snapshot v1, https://goo.gl/fbAQLP

exports[`cattell.state.encode should create blank valid state matching the snapshot 1`] = `"AAAAAAAAAAAAAAAAAAAAAAAAAAAAAAAAAAAAAAAAAAAAAAAAAAAAAAAAAAAAAAAAAJKn"`;

exports[`cattell.state.encode should encode A answers 1`] = `"AFRVVVVVVVVVVVVVVVVVVVVVVVVVVVVVVVVVVVVVVVVVVVVVVVVVVVVVVVVVVVVVAIjE"`;

exports[`cattell.state.encode should encode B answers 1`] = `"AKiqqqqqqqqqqqqqqqqqqqqqqqqqqqqqqqqqqqqqqqqqqqqqqqqqqqqqqqqqqqqqAKZh"`;

exports[`cattell.state.encode should encode C answers 1`] = `"APz/////////////////////////////////////////////////////////////ALwC"`;

exports[`cattell.state.encode should encode age 1`] = `"AAAAAAAAAAAAAAAAAAAAAAAAAAAAAAAAAAAAAAAAAAAAAAAAAAAAAAAAAAAAAAAA3GOt"`;

exports[`cattell.state.encode should encode complete state 1`] = `"9HZ2Z3d2Z3d2Z3d2Z3d2Z3d2Z3d2Z3d2Z3d2Z3d2Z3d2Z3d2Z3d2Z3d2Z3d2Z3d23enXwc7P1yDpLukuYpk="`;

exports[`cattell.state.encode should encode female gender 1`] = `"AAAAAAAAAAAAAAAAAAAAAAAAAAAAAAAAAAAAAAAAAAAAAAAAAAAAAAAAAAAAAAAAAtCH"`;

exports[`cattell.state.encode should encode male gender 1`] = `"AAAAAAAAAAAAAAAAAAAAAAAAAAAAAAAAAAAAAAAAAAAAAAAAAAAAAAAAAAAAAAAAAbO3"`;

exports[`cattell.state.encode should encode name 1`] = `"AAAAAAAAAAAAAAAAAAAAAAAAAAAAAAAAAAAAAAAAAAAAAAAAAAAAAAAAAAAAAAAAAOnXwc7P1yDp18HOz9cg6dfBzs/XIOnXwc7P1yDp18HOz9cg6dfBzs/XIOnXwc7P1yDp18HOz9cg6dfBzs/XIOnXwc7P1yBUhQ=="`;

exports[`cattell.state.encode should encode position 1`] = `"BAAAAAAAAAAAAAAAAAAAAAAAAAAAAAAAAAAAAAAAAAAAAAAAAAAAAAAAAAAAAAAAAEBy"`;
