// Jest Snapshot v1, https://goo.gl/fbAQLP

exports[`cattell.state.encode should create blank valid state matching the snapshot 1`] = `"AAAAAAAAAAAAAAAAAAAAAAAAAAAAAAAAAAAAAAAAAAAAAAAAAAAAAAAAAAAAAAAAAA"`;

exports[`cattell.state.encode should encode A answers 1`] = `"AUVVVVVVVVVVVVVVVVVVVVVVVVVVVVVVVVVVVVVVVVVVVVVVVVVVVVVVVVVVVVVFAA"`;

exports[`cattell.state.encode should encode B answers 1`] = `"AoqqqqqqqqqqqqqqqqqqqqqqqqqqqqqqqqqqqqqqqqqqqqqqqqqqqqqqqqqqqqqKAA"`;

exports[`cattell.state.encode should encode C answers 1`] = `"A8/////////////////////////////////////////////////////////////PAA"`;

exports[`cattell.state.encode should encode age 1`] = `"AAAAAAAAAAAAAAAAAAAAAAAAAAAAAAAAAAAAAAAAAAAAAAAAAAAAAAAAAAAAAAAA3A"`;

exports[`cattell.state.encode should encode complete state 1`] = `"92Z3Z3Z3Z3Z3Z3Z3Z3Z3Z3Z3Z3Z3Z3Z3Z3Z3Z3Z3Z3Z3Z3Z3Z3Z3Z3Z3Z3Z3Z3ZX3pfdwO/81gkuLp7C"`;

exports[`cattell.state.encode should encode female gender 1`] = `"AAAAAAAAAAAAAAAAAAAAAAAAAAAAAAAAAAAAAAAAAAAAAAAAAAAAAAAAAAAAAAAgAA"`;

exports[`cattell.state.encode should encode male gender 1`] = `"AAAAAAAAAAAAAAAAAAAAAAAAAAAAAAAAAAAAAAAAAAAAAAAAAAAAAAAAAAAAAAAQAA"`;

exports[`cattell.state.encode should encode name 1`] = `"AAAAAAAAAAAAAAAAAAAAAAAAAAAAAAAAAAAAAAAAAAAAAAAAAAAAAAAAAAAAAAAAApfdwO/81gk+1B78zXDS6XHszPfNIpfdwO/81gk+1B78zXDS6XHszPfNIpfdwO/81gk+1B78zXDS6XHszPfNIpfdwO/81gA"`;

exports[`cattell.state.encode should encode position 1`] = `"BAAAAAAAAAAAAAAAAAAAAAAAAAAAAAAAAAAAAAAAAAAAAAAAAAAAAAAAAAAAAAAAAA"`;
